// Jest Snapshot v1, https://goo.gl/fbAQLP

exports[`Repo component renders Repo 1`] = `
<li>
  <p>
    asiamorozova
  </p>
  <p>
    https://github.com/asiamorozova
  </p>
</li>
`;
